// Jest Snapshot v1, https://goo.gl/fbAQLP

exports[`ForecastDetails renders correctly 1`] = `
<div
  className="forecast-details"
  data-testid="forecast-detail"
>
  <div
    className="forecast-detail__date"
  >
    Thu 1st Jan
  </div>
  <div
    className="forecast-details__temperature-max"
  >
    22
     °C
  </div>
  <div
    className="forecast-details__temperature-min"
  >
    12
     °C
  </div>
  <div
    className="forecast-details__humidity"
  >
    humidity: 
    50
    %
  </div>
  <div
    className="forecast-details__wind-speed"
  >
    wind speed: 
    60
    mph
  </div>
  <div
    className="forecast-details__wind-direction"
  >
    wind direction: 
    nne
  </div>
</div>
`;
